  C1.1  LptrVar(v) :-     DirectFlow(v,w),    LptrVar(w).

  NO   TUPLES

   0     7575 | ****************************************************************
