  C1.1  LptrVar(v) :-     DirectFlow(v,w),    LptrVar(w).

  NO   RUNTIME

   0 0.01191250 | *******************************************************************
   1 0.01013240 | ********************************************************
   2 0.00996415 | ********************************************************
   3 0.00989598 | *******************************************************
   4 0.01045160 | **********************************************************
   5 0.01079200 | ************************************************************
   6 0.01002480 | ********************************************************
   7 0.00997097 | ********************************************************
   8 0.00982590 | *******************************************************
   9 0.00990531 | *******************************************************
  10 0.00984464 | *******************************************************
  11 0.00983548 | *******************************************************
