
 Total runtime: 1.7

 Total number of new tuples: 1067148
