Patient(123, 1) !neg(123) Patient(123, 2) Rule(0) 1 != 2 
-----------------------------------------------------(R1)
                  Violation(123, 1, 2)                   
Patient(123, 1) ✓ !neg() ✓ Patient(123, 1) ✓ Rule(0) ✓ 1 != 1 x 
--------------------------------------------------------------------(R1)
                           Violation(123,1,1)                           
