subproof R1(0) subproof R0(1) Rule(6)  addr("v6", "v7") Rule(3)                   
----------------------------------(R2) ---------------------(R2)                  
            R0("v6", "v1")                  R1("v7", "v6")       Rule(7)          
---------------------------------------------------------------------(R3)         
                             R0("v1", "v7")                               Rule(2) 
------------------------------------------------------------------------------(R1)
                                  pt("v7", "v1")                                  
