Explain is invoked.
Enter command > being(ollie_the_doggo) negated_person     
--------------------------------------(R0)
         animal(ollie_the_doggo)          
Enter command > 