myB.R	1
myC.R	1
myD.R	1
myE.R	1
myA1.R	1
myA2.R	1
myF1.R	1
myF2.R	1
